<?xml version="1.0" encoding="utf-8"?><testsuites><testsuite name="pytest" errors="0" failures="0" skipped="0" tests="4" time="0.014" timestamp="2026-09-30T02:28:51.586197" hostname="dimxx"><testcase classname="test_math_operations" name="test_add" time="0.001" /><testcase classname="test_math_operations" name="test_subtract" time="0.000" /><testcase classname="test_math_operations" name="test_multiply" time="0.000" /><testcase classname="test_math_operations" name="test_divide" time="0.000" /></testsuite></testsuites>